
*** Running vivado
    with args -log TOP_counter_10000.vds -m64 -product Vivado -mode batch -messageDb vivado.pb -notrace -source TOP_counter_10000.tcl



****** Vivado v2020.2 (64-bit)
  **** SW Build 3064766 on Wed Nov 18 09:12:45 MST 2020
  **** IP Build 3064653 on Wed Nov 18 14:17:31 MST 2020
    ** Copyright 1986-2020 Xilinx, Inc. All Rights Reserved.

source TOP_counter_10000.tcl -notrace
Command: synth_design -top TOP_counter_10000 -part xc7a35tcpg236-1
Starting synth_design
Attempting to get a license for feature 'Synthesis' and/or device 'xc7a35t'
INFO: [Common 17-349] Got license for feature 'Synthesis' and/or device 'xc7a35t'
INFO: [Device 21-403] Loading part xc7a35tcpg236-1
INFO: [Synth 8-7079] Multithreading enabled for synth_design using a maximum of 2 processes.
INFO: [Synth 8-7078] Launching helper process for spawning children vivado processes
INFO: [Synth 8-7075] Helper process launched with PID 32928
---------------------------------------------------------------------------------
Starting RTL Elaboration : Time (s): cpu = 00:00:03 ; elapsed = 00:00:03 . Memory (MB): peak = 1015.648 ; gain = 0.000
---------------------------------------------------------------------------------
INFO: [Synth 8-6157] synthesizing module 'TOP_counter_10000' [C:/verilog_jjm/260207 stopwatch_watch/260207 stopwatch_watch.srcs/sources_1/imports/260206 stopwatch_watch_datapath/top_10000_counter.v:3]
INFO: [Synth 8-6157] synthesizing module 'btn_debounce' [C:/verilog_jjm/260207 stopwatch_watch/260207 stopwatch_watch.srcs/sources_1/imports/260206 stopwatch_watch_datapath/btn_debounce.v:3]
	Parameter CLK_DIV bound to: 100000 - type: integer 
	Parameter F_COUNT bound to: 1000 - type: integer 
INFO: [Synth 8-6155] done synthesizing module 'btn_debounce' (1#1) [C:/verilog_jjm/260207 stopwatch_watch/260207 stopwatch_watch.srcs/sources_1/imports/260206 stopwatch_watch_datapath/btn_debounce.v:3]
INFO: [Synth 8-6157] synthesizing module 'control_unit' [C:/verilog_jjm/260207 stopwatch_watch/260207 stopwatch_watch.srcs/sources_1/imports/260206 stopwatch_watch_datapath/control_unit.v:3]
	Parameter STOP bound to: 2'b00 
	Parameter RUN bound to: 2'b01 
	Parameter CLEAR bound to: 2'b10 
INFO: [Synth 8-6155] done synthesizing module 'control_unit' (2#1) [C:/verilog_jjm/260207 stopwatch_watch/260207 stopwatch_watch.srcs/sources_1/imports/260206 stopwatch_watch_datapath/control_unit.v:3]
INFO: [Synth 8-6157] synthesizing module 'stopwatch_datapath' [C:/verilog_jjm/260207 stopwatch_watch/260207 stopwatch_watch.srcs/sources_1/new/stopwatch_datapath.v:2]
INFO: [Synth 8-6157] synthesizing module 'tick_counter' [C:/verilog_jjm/260207 stopwatch_watch/260207 stopwatch_watch.srcs/sources_1/new/stopwatch_datapath.v:78]
	Parameter BIT_WIDTH bound to: 5 - type: integer 
	Parameter TIMES bound to: 24 - type: integer 
INFO: [Synth 8-6155] done synthesizing module 'tick_counter' (3#1) [C:/verilog_jjm/260207 stopwatch_watch/260207 stopwatch_watch.srcs/sources_1/new/stopwatch_datapath.v:78]
INFO: [Synth 8-6157] synthesizing module 'tick_counter__parameterized0' [C:/verilog_jjm/260207 stopwatch_watch/260207 stopwatch_watch.srcs/sources_1/new/stopwatch_datapath.v:78]
	Parameter BIT_WIDTH bound to: 6 - type: integer 
	Parameter TIMES bound to: 60 - type: integer 
INFO: [Synth 8-6155] done synthesizing module 'tick_counter__parameterized0' (3#1) [C:/verilog_jjm/260207 stopwatch_watch/260207 stopwatch_watch.srcs/sources_1/new/stopwatch_datapath.v:78]
INFO: [Synth 8-6157] synthesizing module 'tick_counter__parameterized1' [C:/verilog_jjm/260207 stopwatch_watch/260207 stopwatch_watch.srcs/sources_1/new/stopwatch_datapath.v:78]
	Parameter BIT_WIDTH bound to: 7 - type: integer 
	Parameter TIMES bound to: 100 - type: integer 
INFO: [Synth 8-6155] done synthesizing module 'tick_counter__parameterized1' (3#1) [C:/verilog_jjm/260207 stopwatch_watch/260207 stopwatch_watch.srcs/sources_1/new/stopwatch_datapath.v:78]
INFO: [Synth 8-6157] synthesizing module 'tick_gen_100hz' [C:/verilog_jjm/260207 stopwatch_watch/260207 stopwatch_watch.srcs/sources_1/new/stopwatch_datapath.v:129]
	Parameter F_COUNT bound to: 1000000 - type: integer 
INFO: [Synth 8-6155] done synthesizing module 'tick_gen_100hz' (4#1) [C:/verilog_jjm/260207 stopwatch_watch/260207 stopwatch_watch.srcs/sources_1/new/stopwatch_datapath.v:129]
INFO: [Synth 8-6155] done synthesizing module 'stopwatch_datapath' (5#1) [C:/verilog_jjm/260207 stopwatch_watch/260207 stopwatch_watch.srcs/sources_1/new/stopwatch_datapath.v:2]
INFO: [Synth 8-6157] synthesizing module 'watch_datapath' [C:/verilog_jjm/260207 stopwatch_watch/260207 stopwatch_watch.srcs/sources_1/imports/260206 stopwatch_watch_datapath/watch_datapath.v:3]
INFO: [Synth 8-6157] synthesizing module 'tick_counter_watch' [C:/verilog_jjm/260207 stopwatch_watch/260207 stopwatch_watch.srcs/sources_1/imports/260206 stopwatch_watch_datapath/watch_datapath.v:109]
	Parameter BIT_WIDTH bound to: 5 - type: integer 
	Parameter TIMES bound to: 24 - type: integer 
	Parameter FIRST bound to: 12 - type: integer 
INFO: [Synth 8-6155] done synthesizing module 'tick_counter_watch' (6#1) [C:/verilog_jjm/260207 stopwatch_watch/260207 stopwatch_watch.srcs/sources_1/imports/260206 stopwatch_watch_datapath/watch_datapath.v:109]
INFO: [Synth 8-6157] synthesizing module 'tick_counter_watch__parameterized0' [C:/verilog_jjm/260207 stopwatch_watch/260207 stopwatch_watch.srcs/sources_1/imports/260206 stopwatch_watch_datapath/watch_datapath.v:109]
	Parameter BIT_WIDTH bound to: 6 - type: integer 
	Parameter TIMES bound to: 60 - type: integer 
	Parameter FIRST bound to: 0 - type: integer 
INFO: [Synth 8-6155] done synthesizing module 'tick_counter_watch__parameterized0' (6#1) [C:/verilog_jjm/260207 stopwatch_watch/260207 stopwatch_watch.srcs/sources_1/imports/260206 stopwatch_watch_datapath/watch_datapath.v:109]
INFO: [Synth 8-6157] synthesizing module 'tick_counter_watch__parameterized1' [C:/verilog_jjm/260207 stopwatch_watch/260207 stopwatch_watch.srcs/sources_1/imports/260206 stopwatch_watch_datapath/watch_datapath.v:109]
	Parameter BIT_WIDTH bound to: 7 - type: integer 
	Parameter TIMES bound to: 100 - type: integer 
	Parameter FIRST bound to: 0 - type: integer 
INFO: [Synth 8-6155] done synthesizing module 'tick_counter_watch__parameterized1' (6#1) [C:/verilog_jjm/260207 stopwatch_watch/260207 stopwatch_watch.srcs/sources_1/imports/260206 stopwatch_watch_datapath/watch_datapath.v:109]
INFO: [Synth 8-6155] done synthesizing module 'watch_datapath' (7#1) [C:/verilog_jjm/260207 stopwatch_watch/260207 stopwatch_watch.srcs/sources_1/imports/260206 stopwatch_watch_datapath/watch_datapath.v:3]
INFO: [Synth 8-6157] synthesizing module 'fnd_controller' [C:/verilog_jjm/260207 stopwatch_watch/260207 stopwatch_watch.srcs/sources_1/imports/260206 stopwatch_watch_datapath/counter_10000_controller.v:3]
INFO: [Synth 8-6157] synthesizing module 'digit_splitter' [C:/verilog_jjm/260207 stopwatch_watch/260207 stopwatch_watch.srcs/sources_1/imports/260206 stopwatch_watch_datapath/counter_10000_controller.v:236]
	Parameter BIT_WIDTH bound to: 5 - type: integer 
INFO: [Synth 8-6155] done synthesizing module 'digit_splitter' (8#1) [C:/verilog_jjm/260207 stopwatch_watch/260207 stopwatch_watch.srcs/sources_1/imports/260206 stopwatch_watch_datapath/counter_10000_controller.v:236]
INFO: [Synth 8-6157] synthesizing module 'digit_splitter__parameterized0' [C:/verilog_jjm/260207 stopwatch_watch/260207 stopwatch_watch.srcs/sources_1/imports/260206 stopwatch_watch_datapath/counter_10000_controller.v:236]
	Parameter BIT_WIDTH bound to: 6 - type: integer 
INFO: [Synth 8-6155] done synthesizing module 'digit_splitter__parameterized0' (8#1) [C:/verilog_jjm/260207 stopwatch_watch/260207 stopwatch_watch.srcs/sources_1/imports/260206 stopwatch_watch_datapath/counter_10000_controller.v:236]
INFO: [Synth 8-6157] synthesizing module 'dot_onoff_comp' [C:/verilog_jjm/260207 stopwatch_watch/260207 stopwatch_watch.srcs/sources_1/imports/260206 stopwatch_watch_datapath/counter_10000_controller.v:123]
INFO: [Synth 8-6155] done synthesizing module 'dot_onoff_comp' (9#1) [C:/verilog_jjm/260207 stopwatch_watch/260207 stopwatch_watch.srcs/sources_1/imports/260206 stopwatch_watch_datapath/counter_10000_controller.v:123]
INFO: [Synth 8-6157] synthesizing module 'digit_splitter__parameterized1' [C:/verilog_jjm/260207 stopwatch_watch/260207 stopwatch_watch.srcs/sources_1/imports/260206 stopwatch_watch_datapath/counter_10000_controller.v:236]
	Parameter BIT_WIDTH bound to: 7 - type: integer 
INFO: [Synth 8-6155] done synthesizing module 'digit_splitter__parameterized1' (9#1) [C:/verilog_jjm/260207 stopwatch_watch/260207 stopwatch_watch.srcs/sources_1/imports/260206 stopwatch_watch_datapath/counter_10000_controller.v:236]
INFO: [Synth 8-6157] synthesizing module 'mux_8x1' [C:/verilog_jjm/260207 stopwatch_watch/260207 stopwatch_watch.srcs/sources_1/imports/260206 stopwatch_watch_datapath/counter_10000_controller.v:207]
INFO: [Synth 8-6155] done synthesizing module 'mux_8x1' (10#1) [C:/verilog_jjm/260207 stopwatch_watch/260207 stopwatch_watch.srcs/sources_1/imports/260206 stopwatch_watch_datapath/counter_10000_controller.v:207]
INFO: [Synth 8-6157] synthesizing module 'mux_2x1' [C:/verilog_jjm/260207 stopwatch_watch/260207 stopwatch_watch.srcs/sources_1/imports/260206 stopwatch_watch_datapath/counter_10000_controller.v:132]
INFO: [Synth 8-6155] done synthesizing module 'mux_2x1' (11#1) [C:/verilog_jjm/260207 stopwatch_watch/260207 stopwatch_watch.srcs/sources_1/imports/260206 stopwatch_watch_datapath/counter_10000_controller.v:132]
INFO: [Synth 8-6157] synthesizing module 'clk_div' [C:/verilog_jjm/260207 stopwatch_watch/260207 stopwatch_watch.srcs/sources_1/imports/260206 stopwatch_watch_datapath/counter_10000_controller.v:144]
INFO: [Synth 8-6155] done synthesizing module 'clk_div' (12#1) [C:/verilog_jjm/260207 stopwatch_watch/260207 stopwatch_watch.srcs/sources_1/imports/260206 stopwatch_watch_datapath/counter_10000_controller.v:144]
INFO: [Synth 8-6157] synthesizing module 'counter_8' [C:/verilog_jjm/260207 stopwatch_watch/260207 stopwatch_watch.srcs/sources_1/imports/260206 stopwatch_watch_datapath/counter_10000_controller.v:170]
INFO: [Synth 8-6155] done synthesizing module 'counter_8' (13#1) [C:/verilog_jjm/260207 stopwatch_watch/260207 stopwatch_watch.srcs/sources_1/imports/260206 stopwatch_watch_datapath/counter_10000_controller.v:170]
INFO: [Synth 8-6157] synthesizing module 'decoder_2x4' [C:/verilog_jjm/260207 stopwatch_watch/260207 stopwatch_watch.srcs/sources_1/imports/260206 stopwatch_watch_datapath/counter_10000_controller.v:192]
INFO: [Synth 8-6155] done synthesizing module 'decoder_2x4' (14#1) [C:/verilog_jjm/260207 stopwatch_watch/260207 stopwatch_watch.srcs/sources_1/imports/260206 stopwatch_watch_datapath/counter_10000_controller.v:192]
INFO: [Synth 8-6157] synthesizing module 'bcd' [C:/verilog_jjm/260207 stopwatch_watch/260207 stopwatch_watch.srcs/sources_1/imports/260206 stopwatch_watch_datapath/counter_10000_controller.v:249]
INFO: [Synth 8-226] default block is never used [C:/verilog_jjm/260207 stopwatch_watch/260207 stopwatch_watch.srcs/sources_1/imports/260206 stopwatch_watch_datapath/counter_10000_controller.v:255]
INFO: [Synth 8-6155] done synthesizing module 'bcd' (15#1) [C:/verilog_jjm/260207 stopwatch_watch/260207 stopwatch_watch.srcs/sources_1/imports/260206 stopwatch_watch_datapath/counter_10000_controller.v:249]
INFO: [Synth 8-6155] done synthesizing module 'fnd_controller' (16#1) [C:/verilog_jjm/260207 stopwatch_watch/260207 stopwatch_watch.srcs/sources_1/imports/260206 stopwatch_watch_datapath/counter_10000_controller.v:3]
INFO: [Synth 8-6155] done synthesizing module 'TOP_counter_10000' (17#1) [C:/verilog_jjm/260207 stopwatch_watch/260207 stopwatch_watch.srcs/sources_1/imports/260206 stopwatch_watch_datapath/top_10000_counter.v:3]
---------------------------------------------------------------------------------
Finished RTL Elaboration : Time (s): cpu = 00:00:04 ; elapsed = 00:00:04 . Memory (MB): peak = 1015.648 ; gain = 0.000
---------------------------------------------------------------------------------
---------------------------------------------------------------------------------
Start Handling Custom Attributes
---------------------------------------------------------------------------------
---------------------------------------------------------------------------------
Finished Handling Custom Attributes : Time (s): cpu = 00:00:04 ; elapsed = 00:00:05 . Memory (MB): peak = 1015.648 ; gain = 0.000
---------------------------------------------------------------------------------
---------------------------------------------------------------------------------
Finished RTL Optimization Phase 1 : Time (s): cpu = 00:00:04 ; elapsed = 00:00:05 . Memory (MB): peak = 1015.648 ; gain = 0.000
---------------------------------------------------------------------------------
Netlist sorting complete. Time (s): cpu = 00:00:00 ; elapsed = 00:00:00.004 . Memory (MB): peak = 1015.648 ; gain = 0.000
INFO: [Project 1-570] Preparing netlist for logic optimization

Processing XDC Constraints
Initializing timing engine
Parsing XDC File [C:/verilog_jjm/260207 stopwatch_watch/260207 stopwatch_watch.srcs/constrs_1/imports/260206 stopwatch_watch_datapath/Basys-3-Master.xdc]
Finished Parsing XDC File [C:/verilog_jjm/260207 stopwatch_watch/260207 stopwatch_watch.srcs/constrs_1/imports/260206 stopwatch_watch_datapath/Basys-3-Master.xdc]
INFO: [Project 1-236] Implementation specific constraints were found while reading constraint file [C:/verilog_jjm/260207 stopwatch_watch/260207 stopwatch_watch.srcs/constrs_1/imports/260206 stopwatch_watch_datapath/Basys-3-Master.xdc]. These constraints will be ignored for synthesis but will be used in implementation. Impacted constraints are listed in the file [.Xil/TOP_counter_10000_propImpl.xdc].
Resolution: To avoid this warning, move constraints listed in [.Xil/TOP_counter_10000_propImpl.xdc] to another XDC file and exclude this new file from synthesis with the used_in_synthesis property (File Properties dialog in GUI) and re-run elaboration/synthesis.
Completed Processing XDC Constraints

Netlist sorting complete. Time (s): cpu = 00:00:00 ; elapsed = 00:00:00 . Memory (MB): peak = 1055.504 ; gain = 0.000
INFO: [Project 1-111] Unisim Transformation Summary:
No Unisim elements were transformed.

Constraint Validation Runtime : Time (s): cpu = 00:00:00 ; elapsed = 00:00:00.005 . Memory (MB): peak = 1055.504 ; gain = 0.000
---------------------------------------------------------------------------------
Finished Constraint Validation : Time (s): cpu = 00:00:09 ; elapsed = 00:00:10 . Memory (MB): peak = 1055.504 ; gain = 39.855
---------------------------------------------------------------------------------
---------------------------------------------------------------------------------
Start Loading Part and Timing Information
---------------------------------------------------------------------------------
Loading part: xc7a35tcpg236-1
---------------------------------------------------------------------------------
Finished Loading Part and Timing Information : Time (s): cpu = 00:00:09 ; elapsed = 00:00:10 . Memory (MB): peak = 1055.504 ; gain = 39.855
---------------------------------------------------------------------------------
---------------------------------------------------------------------------------
Start Applying 'set_property' XDC Constraints
---------------------------------------------------------------------------------
---------------------------------------------------------------------------------
Finished applying 'set_property' XDC Constraints : Time (s): cpu = 00:00:09 ; elapsed = 00:00:10 . Memory (MB): peak = 1055.504 ; gain = 39.855
---------------------------------------------------------------------------------
INFO: [Synth 8-802] inferred FSM for state register 'current_st_reg' in module 'control_unit'
---------------------------------------------------------------------------------------------------
                   State |                     New Encoding |                Previous Encoding 
---------------------------------------------------------------------------------------------------
                    STOP |                              001 |                               00
                     RUN |                              010 |                               01
                   CLEAR |                              100 |                               10
---------------------------------------------------------------------------------------------------
INFO: [Synth 8-3354] encoded FSM with state register 'current_st_reg' using encoding 'one-hot' in module 'control_unit'
---------------------------------------------------------------------------------
Finished RTL Optimization Phase 2 : Time (s): cpu = 00:00:09 ; elapsed = 00:00:11 . Memory (MB): peak = 1055.504 ; gain = 39.855
---------------------------------------------------------------------------------
---------------------------------------------------------------------------------
Start RTL Component Statistics 
---------------------------------------------------------------------------------
Detailed RTL Component Info : 
+---Adders : 
	   2 Input   20 Bit       Adders := 2     
	   2 Input   18 Bit       Adders := 1     
	   2 Input   10 Bit       Adders := 4     
	   2 Input    7 Bit       Adders := 4     
	   2 Input    6 Bit       Adders := 8     
	   2 Input    5 Bit       Adders := 4     
	   2 Input    3 Bit       Adders := 1     
+---Registers : 
	               20 Bit    Registers := 2     
	               18 Bit    Registers := 1     
	               10 Bit    Registers := 4     
	                8 Bit    Registers := 4     
	                7 Bit    Registers := 2     
	                6 Bit    Registers := 4     
	                5 Bit    Registers := 2     
	                3 Bit    Registers := 1     
	                1 Bit    Registers := 11    
+---Muxes : 
	   2 Input   24 Bit        Muxes := 1     
	   2 Input   20 Bit        Muxes := 2     
	   2 Input   18 Bit        Muxes := 1     
	   2 Input    7 Bit        Muxes := 3     
	   2 Input    6 Bit        Muxes := 14    
	   2 Input    5 Bit        Muxes := 7     
	   2 Input    4 Bit        Muxes := 1     
	   4 Input    4 Bit        Muxes := 1     
	   3 Input    3 Bit        Muxes := 1     
	   2 Input    3 Bit        Muxes := 3     
	   3 Input    1 Bit        Muxes := 5     
	   2 Input    1 Bit        Muxes := 16    
---------------------------------------------------------------------------------
Finished RTL Component Statistics 
---------------------------------------------------------------------------------
---------------------------------------------------------------------------------
Start Part Resource Summary
---------------------------------------------------------------------------------
Part Resources:
DSPs: 90 (col length:60)
BRAMs: 100 (col length: RAMB18 60 RAMB36 30)
---------------------------------------------------------------------------------
Finished Part Resource Summary
---------------------------------------------------------------------------------
---------------------------------------------------------------------------------
Start Cross Boundary and Area Optimization
---------------------------------------------------------------------------------
---------------------------------------------------------------------------------
Finished Cross Boundary and Area Optimization : Time (s): cpu = 00:00:15 ; elapsed = 00:00:17 . Memory (MB): peak = 1055.504 ; gain = 39.855
---------------------------------------------------------------------------------
---------------------------------------------------------------------------------
Start Applying XDC Timing Constraints
---------------------------------------------------------------------------------
---------------------------------------------------------------------------------
Finished Applying XDC Timing Constraints : Time (s): cpu = 00:00:20 ; elapsed = 00:00:22 . Memory (MB): peak = 1055.504 ; gain = 39.855
---------------------------------------------------------------------------------
---------------------------------------------------------------------------------
Start Timing Optimization
---------------------------------------------------------------------------------
---------------------------------------------------------------------------------
Finished Timing Optimization : Time (s): cpu = 00:00:21 ; elapsed = 00:00:23 . Memory (MB): peak = 1094.035 ; gain = 78.387
---------------------------------------------------------------------------------
---------------------------------------------------------------------------------
Start Technology Mapping
---------------------------------------------------------------------------------
---------------------------------------------------------------------------------
Finished Technology Mapping : Time (s): cpu = 00:00:21 ; elapsed = 00:00:24 . Memory (MB): peak = 1095.074 ; gain = 79.426
---------------------------------------------------------------------------------
---------------------------------------------------------------------------------
Start IO Insertion
---------------------------------------------------------------------------------
---------------------------------------------------------------------------------
Start Flattening Before IO Insertion
---------------------------------------------------------------------------------
---------------------------------------------------------------------------------
Finished Flattening Before IO Insertion
---------------------------------------------------------------------------------
---------------------------------------------------------------------------------
Start Final Netlist Cleanup
---------------------------------------------------------------------------------
---------------------------------------------------------------------------------
Finished Final Netlist Cleanup
---------------------------------------------------------------------------------
---------------------------------------------------------------------------------
Finished IO Insertion : Time (s): cpu = 00:00:24 ; elapsed = 00:00:27 . Memory (MB): peak = 1097.977 ; gain = 82.328
---------------------------------------------------------------------------------
---------------------------------------------------------------------------------
Start Renaming Generated Instances
---------------------------------------------------------------------------------
---------------------------------------------------------------------------------
Finished Renaming Generated Instances : Time (s): cpu = 00:00:24 ; elapsed = 00:00:27 . Memory (MB): peak = 1097.977 ; gain = 82.328
---------------------------------------------------------------------------------
---------------------------------------------------------------------------------
Start Rebuilding User Hierarchy
---------------------------------------------------------------------------------
---------------------------------------------------------------------------------
Finished Rebuilding User Hierarchy : Time (s): cpu = 00:00:24 ; elapsed = 00:00:27 . Memory (MB): peak = 1097.977 ; gain = 82.328
---------------------------------------------------------------------------------
---------------------------------------------------------------------------------
Start Renaming Generated Ports
---------------------------------------------------------------------------------
---------------------------------------------------------------------------------
Finished Renaming Generated Ports : Time (s): cpu = 00:00:24 ; elapsed = 00:00:27 . Memory (MB): peak = 1097.977 ; gain = 82.328
---------------------------------------------------------------------------------
---------------------------------------------------------------------------------
Start Handling Custom Attributes
---------------------------------------------------------------------------------
---------------------------------------------------------------------------------
Finished Handling Custom Attributes : Time (s): cpu = 00:00:24 ; elapsed = 00:00:27 . Memory (MB): peak = 1097.977 ; gain = 82.328
---------------------------------------------------------------------------------
---------------------------------------------------------------------------------
Start Renaming Generated Nets
---------------------------------------------------------------------------------
---------------------------------------------------------------------------------
Finished Renaming Generated Nets : Time (s): cpu = 00:00:24 ; elapsed = 00:00:27 . Memory (MB): peak = 1097.977 ; gain = 82.328
---------------------------------------------------------------------------------
---------------------------------------------------------------------------------
Start Writing Synthesis Report
---------------------------------------------------------------------------------

Report BlackBoxes: 
+-+--------------+----------+
| |BlackBox name |Instances |
+-+--------------+----------+
+-+--------------+----------+

Report Cell Usage: 
+------+-------+------+
|      |Cell   |Count |
+------+-------+------+
|1     |BUFG   |     1|
|2     |CARRY4 |    15|
|3     |LUT1   |    13|
|4     |LUT2   |    80|
|5     |LUT3   |    54|
|6     |LUT4   |    42|
|7     |LUT5   |    54|
|8     |LUT6   |   117|
|9     |MUXF7  |     1|
|10    |FDCE   |   192|
|11    |FDPE   |     3|
|12    |IBUF   |     9|
|13    |OBUF   |    12|
+------+-------+------+
---------------------------------------------------------------------------------
Finished Writing Synthesis Report : Time (s): cpu = 00:00:24 ; elapsed = 00:00:27 . Memory (MB): peak = 1097.977 ; gain = 82.328
---------------------------------------------------------------------------------
Synthesis finished with 0 errors, 0 critical warnings and 0 warnings.
Synthesis Optimization Runtime : Time (s): cpu = 00:00:18 ; elapsed = 00:00:25 . Memory (MB): peak = 1097.977 ; gain = 42.473
Synthesis Optimization Complete : Time (s): cpu = 00:00:24 ; elapsed = 00:00:27 . Memory (MB): peak = 1097.977 ; gain = 82.328
INFO: [Project 1-571] Translating synthesized netlist
Netlist sorting complete. Time (s): cpu = 00:00:00 ; elapsed = 00:00:00.003 . Memory (MB): peak = 1110.031 ; gain = 0.000
INFO: [Netlist 29-17] Analyzing 16 Unisim elements for replacement
INFO: [Netlist 29-28] Unisim Transformation completed in 0 CPU seconds
INFO: [Project 1-570] Preparing netlist for logic optimization
INFO: [Opt 31-138] Pushed 0 inverter(s) to 0 load pin(s).
Netlist sorting complete. Time (s): cpu = 00:00:00 ; elapsed = 00:00:00 . Memory (MB): peak = 1112.988 ; gain = 0.000
INFO: [Project 1-111] Unisim Transformation Summary:
No Unisim elements were transformed.

INFO: [Common 17-83] Releasing license: Synthesis
64 Infos, 0 Warnings, 0 Critical Warnings and 0 Errors encountered.
synth_design completed successfully
synth_design: Time (s): cpu = 00:00:28 ; elapsed = 00:00:32 . Memory (MB): peak = 1112.988 ; gain = 97.340
INFO: [Common 17-1381] The checkpoint 'C:/verilog_jjm/260207 stopwatch_watch/260207 stopwatch_watch.runs/synth_1/TOP_counter_10000.dcp' has been generated.
INFO: [runtcl-4] Executing : report_utilization -file TOP_counter_10000_utilization_synth.rpt -pb TOP_counter_10000_utilization_synth.pb
INFO: [Common 17-206] Exiting Vivado at Sat Feb 14 08:47:30 2026...
