Copyright 1986-2020 Xilinx, Inc. All Rights Reserved.
----------------------------------------------------------------------------------------------
| Tool Version : Vivado v.2020.2 (win64) Build 3064766 Wed Nov 18 09:12:45 MST 2020
| Date         : Sat Feb 14 08:48:18 2026
| Host         : jmjun96 running 64-bit major release  (build 9200)
| Command      : report_control_sets -verbose -file TOP_counter_10000_control_sets_placed.rpt
| Design       : TOP_counter_10000
| Device       : xc7a35t
----------------------------------------------------------------------------------------------

Control Set Information

Table of Contents
-----------------
1. Summary
2. Histogram
3. Flip-Flop Distribution
4. Detailed Control Set Information

1. Summary
----------

+----------------------------------------------------------+-------+
|                          Status                          | Count |
+----------------------------------------------------------+-------+
| Total control sets                                       |    16 |
|    Minimum number of control sets                        |    16 |
|    Addition due to synthesis replication                 |     0 |
|    Addition due to physical synthesis replication        |     0 |
| Unused register locations in slices containing registers |    29 |
+----------------------------------------------------------+-------+
* Control sets can be merged at opt_design using control_set_merge or merge_equivalent_drivers
** Run report_qor_suggestions for automated merging and remapping suggestions


2. Histogram
------------

+--------------------+-------+
|       Fanout       | Count |
+--------------------+-------+
| Total control sets |    16 |
| >= 0 to < 4        |     1 |
| >= 4 to < 6        |     2 |
| >= 6 to < 8        |     6 |
| >= 8 to < 10       |     4 |
| >= 10 to < 12      |     0 |
| >= 12 to < 14      |     0 |
| >= 14 to < 16      |     0 |
| >= 16              |     3 |
+--------------------+-------+
* Control sets can be remapped at either synth_design or opt_design


3. Flip-Flop Distribution
-------------------------

+--------------+-----------------------+------------------------+-----------------+--------------+
| Clock Enable | Synchronous Set/Reset | Asynchronous Set/Reset | Total Registers | Total Slices |
+--------------+-----------------------+------------------------+-----------------+--------------+
| No           | No                    | No                     |               0 |            0 |
| No           | No                    | Yes                    |             107 |           31 |
| No           | Yes                   | No                     |               0 |            0 |
| Yes          | No                    | No                     |               0 |            0 |
| Yes          | No                    | Yes                    |              88 |           42 |
| Yes          | Yes                   | No                     |               0 |            0 |
+--------------+-----------------------+------------------------+-----------------+--------------+


4. Detailed Control Set Information
-----------------------------------

+--------------------------------------+--------------------------------------------------+------------------+------------------+----------------+--------------+
|             Clock Signal             |                   Enable Signal                  | Set/Reset Signal | Slice Load Count | Bel Load Count | Bels / Slice |
+--------------------------------------+--------------------------------------------------+------------------+------------------+----------------+--------------+
|  U_FND_CNTL/U_CLK_DIV/CLK            |                                                  | reset_IBUF       |                1 |              3 |         3.00 |
|  clk_IBUF_BUFG                       | U_STOPWATCH_DATAPATH/min_counter/E[0]            | reset_IBUF       |                2 |              5 |         2.50 |
|  clk_IBUF_BUFG                       | U_BD_DOWN_U/sw[2][0]                             | reset_IBUF       |                2 |              5 |         2.50 |
|  clk_IBUF_BUFG                       | U_CONTROL_UNIT/E[0]                              | reset_IBUF       |                4 |              6 |         1.50 |
|  clk_IBUF_BUFG                       | U_CONTROL_UNIT/FSM_onehot_current_st_reg[2]_1[0] | reset_IBUF       |                3 |              6 |         2.00 |
|  clk_IBUF_BUFG                       | U_WATCH_DATAPATH/sec_counter/sw[2][0]            | reset_IBUF       |                5 |              6 |         1.20 |
|  clk_IBUF_BUFG                       | U_BD_DOWN_U/E[0]                                 | reset_IBUF       |                3 |              6 |         2.00 |
|  clk_IBUF_BUFG                       | U_CONTROL_UNIT/FSM_onehot_current_st_reg[2]_2[0] | reset_IBUF       |                5 |              7 |         1.40 |
|  clk_IBUF_BUFG                       | U_WATCH_DATAPATH/U_TICK/o_tick_100hz_reg_1[0]    | reset_IBUF       |                5 |              7 |         1.40 |
|  U_BD_CLEAR/CLK_100khz_reg_reg_n_0   |                                                  | reset_IBUF       |                1 |              8 |         8.00 |
|  U_BD_DOWN_D/CLK_100khz_reg_reg_n_0  |                                                  | reset_IBUF       |                1 |              8 |         8.00 |
|  U_BD_DOWN_U/CLK_100khz_reg_reg_n_0  |                                                  | reset_IBUF       |                1 |              8 |         8.00 |
|  U_BD_RUNSTOP/CLK_100khz_reg_reg_n_0 |                                                  | reset_IBUF       |                2 |              8 |         4.00 |
|  clk_IBUF_BUFG                       | U_CONTROL_UNIT/FSM_onehot_current_st_reg[1]_1[0] | reset_IBUF       |                6 |             20 |         3.33 |
|  clk_IBUF_BUFG                       | U_WATCH_DATAPATH/U_TICK/E[0]                     | reset_IBUF       |                7 |             20 |         2.86 |
|  clk_IBUF_BUFG                       |                                                  | reset_IBUF       |               25 |             72 |         2.88 |
+--------------------------------------+--------------------------------------------------+------------------+------------------+----------------+--------------+


